# 撞库沿
/home/mi/debug/scripts/record/test_record/2024-04-21/MT091/13-59-47
/home/mi/debug/scripts/record/test_record/2024-04-21/MT091/14-05-58
/home/mi/debug/scripts/record/test_record/2024-04-21/MT091/14-51-16
/home/mi/debug/scripts/record/test_record/2024-04-21/MT091/14-53-03
/home/mi/debug/scripts/record/test_record/2024-04-21/MT091/14-56-28
/home/mi/debug/scripts/record/test_record/2024-04-21/MT091/16-53-49
/home/mi/debug/scripts/record/test_record/2024-04-21/MT091/17-02-31

# 前轮未上坡
/home/mi/debug/scripts/record/test_record/2024-04-21/MT091/11-21-36
/home/mi/debug/scripts/record/test_record/2024-04-21/MT091/11-32-11
/home/mi/debug/scripts/record/test_record/2024-04-21/MT091/11-26-13
/home/mi/debug/scripts/record/test_record/2024-04-20/MT091/09-53-30
/home/mi/debug/scripts/record/test_record/2024-04-20/MT091/09-56-09
/home/mi/debug/scripts/record/test_record/2024-04-20/MT091/09-58-53
/home/mi/debug/scripts/record/test_record/2024-04-20/MT091/17-37-43

/home/mi/debug/scripts/record/test_record/2024-04-18/MT091/10-32-59
/home/mi/debug/scripts/record/test_record/2024-04-18/MT091/10-35-14 # yes
/home/mi/debug/scripts/record/test_record/2024-04-18/MT091/10-48-56
/home/mi/debug/scripts/record/test_record/2024-04-18/MT091/10-53-04 # yes
/home/mi/debug/scripts/record/test_record/2024-04-18/MT091/10-55-15
/home/mi/debug/scripts/record/test_record/2024-04-18/MT091/11-00-22 # yes
/home/mi/debug/scripts/record/test_record/2024-04-18/MT091/11-04-08
/home/mi/debug/scripts/record/test_record/2024-04-18/MT091/11-15-45
/home/mi/debug/scripts/record/test_record/2024-04-18/MT091/11-38-04
/home/mi/debug/scripts/record/test_record/2024-04-18/MT091/11-40-16
/home/mi/debug/scripts/record/test_record/2024-04-18/MT091/13-56-32
/home/mi/debug/scripts/record/test_record/2024-04-18/MT091/14-13-13
/home/mi/debug/scripts/record/test_record/2024-04-18/MT091/14-17-35
/home/mi/debug/scripts/record/test_record/2024-04-18/MT091/14-23-24
/home/mi/debug/scripts/record/test_record/2024-04-18/MT091/14-26-48
/home/mi/debug/scripts/record/test_record/2024-04-18/MT091/14-28-23
/home/mi/debug/scripts/record/test_record/2024-04-18/MT091/14-30-03
/home/mi/debug/scripts/record/test_record/2024-04-18/MT091/14-31-44
/home/mi/debug/scripts/record/test_record/2024-04-18/MT091/14-33-22
/home/mi/debug/scripts/record/test_record/2024-04-18/MT091/14-58-19
/home/mi/debug/scripts/record/test_record/2024-04-18/MT091/15-00-18
/home/mi/debug/scripts/record/test_record/2024-04-18/MT091/16-34-55

/home/mi/debug/scripts/record/test_record/2024-04-16/MT091/11-06-41
/home/mi/debug/scripts/record/test_record/2024-04-16/MT091/11-23-46
/home/mi/debug/scripts/record/test_record/2024-04-16/MT091/15-15-20
/home/mi/debug/scripts/record/test_record/2024-04-16/MT091/16-48-42
/home/mi/debug/scripts/record/test_record/2024-04-16/MT091/16-53-46
/home/mi/debug/scripts/record/test_record/2024-04-16/MT091/17-45-45
/home/mi/debug/scripts/record/test_record/2024-04-16/MT091/18-08-20
/home/mi/debug/scripts/record/test_record/2024-04-16/MT091/18-10-05

/home/mi/debug/scripts/record/test_record/2024-04-15/MT091/09-55-29
/home/mi/debug/scripts/record/test_record/2024-04-15/MT091/09-58-08
/home/mi/debug/scripts/record/test_record/2024-04-15/MT091/10-11-05
/home/mi/debug/scripts/record/test_record/2024-04-15/MT091/10-16-59
/home/mi/debug/scripts/record/test_record/2024-04-15/MT091/10-20-10
/home/mi/debug/scripts/record/test_record/2024-04-15/MT091/10-55-15
/home/mi/debug/scripts/record/test_record/2024-04-15/MT091/11-28-30
/home/mi/debug/scripts/record/test_record/2024-04-15/MT091/11-32-03
/home/mi/debug/scripts/record/test_record/2024-04-15/MT091/14-10-48
/home/mi/debug/scripts/record/test_record/2024-04-15/MT091/14-12-54
/home/mi/debug/scripts/record/test_record/2024-04-15/MT091/14-29-40
/home/mi/debug/scripts/record/test_record/2024-04-15/MT091/14-32-49
/home/mi/debug/scripts/record/test_record/2024-04-15/MT091/14-41-39
/home/mi/debug/scripts/record/test_record/2024-04-15/MT091/16-48-38
/home/mi/debug/scripts/record/test_record/2024-04-15/MT091/16-50-52
/home/mi/debug/scripts/record/test_record/2024-04-15/MT091/16-59-45
/home/mi/debug/scripts/record/test_record/2024-04-15/MT091/17-01-55
/home/mi/debug/scripts/record/test_record/2024-04-15/MT091/17-04-16
/home/mi/debug/scripts/record/test_record/2024-04-15/MT091/17-26-48
/home/mi/debug/scripts/record/test_record/2024-04-15/MT091/17-28-51
/home/mi/debug/scripts/record/test_record/2024-04-15/MT091/17-38-07
/home/mi/debug/scripts/record/test_record/2024-04-15/MT091/17-41-49
/home/mi/debug/scripts/record/test_record/2024-04-15/MT091/18-26-41
/home/mi/debug/scripts/record/test_record/2024-04-15/MT091/18-28-29
/home/mi/debug/scripts/record/test_record/2024-04-15/MT091/18-39-58
/home/mi/debug/scripts/record/test_record/2024-04-15/MT091/18-43-54
/home/mi/debug/scripts/record/test_record/2024-04-15/MT091/21-01-08
/home/mi/debug/scripts/record/test_record/2024-04-15/MT091/21-19-56
/home/mi/debug/scripts/record/test_record/2024-04-15/MT091/21-21-45

